[0.094s] DEBUG:colcon:Command line arguments: ['/usr/bin/colcon', 'build', '--packages-select', 'hamr_bringup']
[0.094s] DEBUG:colcon:Parsed command line arguments: Namespace(log_base=None, log_level=None, verb_name='build', build_base='build', install_base='install', merge_install=False, symlink_install=False, test_result_base=None, continue_on_error=False, executor='parallel', parallel_workers=16, event_handlers=None, ignore_user_meta=False, metas=['./colcon.meta'], base_paths=['.'], packages_ignore=None, packages_ignore_regex=None, paths=None, packages_up_to=None, packages_up_to_regex=None, packages_above=None, packages_above_and_dependencies=None, packages_above_depth=None, packages_select_by_dep=None, packages_skip_by_dep=None, packages_skip_up_to=None, packages_select_build_failed=False, packages_skip_build_finished=False, packages_select_test_failures=False, packages_skip_test_passed=False, packages_select=['hamr_bringup'], packages_skip=None, packages_select_regex=None, packages_skip_regex=None, packages_start=None, packages_end=None, allow_overriding=[], cmake_args=None, cmake_target=None, cmake_target_skip_unavailable=False, cmake_clean_cache=False, cmake_clean_first=False, cmake_force_configure=False, ament_cmake_args=None, catkin_cmake_args=None, catkin_skip_building_tests=False, mixin_files=None, mixin=None, verb_parser=<colcon_mixin.mixin.mixin_argument.MixinArgumentDecorator object at 0x7745b9eb6bd0>, verb_extension=<colcon_core.verb.build.BuildVerb object at 0x7745b9eb68a0>, main=<bound method BuildVerb.main of <colcon_core.verb.build.BuildVerb object at 0x7745b9eb68a0>>, mixin_verb=('build',))
[0.126s] Level 1:colcon.colcon_core.package_discovery:discover_packages(colcon_meta) check parameters
[0.126s] Level 1:colcon.colcon_core.package_discovery:discover_packages(recursive) check parameters
[0.126s] Level 1:colcon.colcon_core.package_discovery:discover_packages(ignore) check parameters
[0.126s] Level 1:colcon.colcon_core.package_discovery:discover_packages(path) check parameters
[0.126s] Level 1:colcon.colcon_core.package_discovery:discover_packages(colcon_meta) discover
[0.126s] Level 1:colcon.colcon_core.package_discovery:discover_packages(recursive) discover
[0.126s] INFO:colcon.colcon_core.package_discovery:Crawling recursively for packages in '/home/cedric/ros2_ws/hamr_ws/src/hamr_bringup'
[0.126s] Level 1:colcon.colcon_core.package_identification:_identify(.) by extensions ['ignore', 'ignore_ament_install']
[0.126s] Level 1:colcon.colcon_core.package_identification:_identify(.) by extension 'ignore'
[0.126s] Level 1:colcon.colcon_core.package_identification:_identify(.) by extension 'ignore_ament_install'
[0.126s] Level 1:colcon.colcon_core.package_identification:_identify(.) by extensions ['colcon_pkg']
[0.126s] Level 1:colcon.colcon_core.package_identification:_identify(.) by extension 'colcon_pkg'
[0.126s] Level 1:colcon.colcon_core.package_identification:_identify(.) by extensions ['colcon_meta']
[0.126s] Level 1:colcon.colcon_core.package_identification:_identify(.) by extension 'colcon_meta'
[0.126s] Level 1:colcon.colcon_core.package_identification:_identify(.) by extensions ['ros']
[0.126s] Level 1:colcon.colcon_core.package_identification:_identify(.) by extension 'ros'
[0.147s] DEBUG:colcon.colcon_core.package_identification:Package '.' with type 'ros.ament_cmake' and name 'hamr_bringup'
[0.147s] Level 1:colcon.colcon_core.package_discovery:discover_packages(recursive) using defaults
[0.147s] Level 1:colcon.colcon_core.package_discovery:discover_packages(ignore) discover
[0.147s] Level 1:colcon.colcon_core.package_discovery:discover_packages(ignore) using defaults
[0.147s] Level 1:colcon.colcon_core.package_discovery:discover_packages(path) discover
[0.147s] Level 1:colcon.colcon_core.package_discovery:discover_packages(path) using defaults
[0.160s] Level 1:colcon.colcon_core.package_discovery:discover_packages(prefix_path) check parameters
[0.160s] Level 1:colcon.colcon_core.package_discovery:discover_packages(prefix_path) discover
[0.162s] DEBUG:colcon.colcon_installed_package_information.package_discovery:Found 8 installed packages in /home/cedric/ros2_ws/hamr_ws/install
[0.164s] DEBUG:colcon.colcon_installed_package_information.package_discovery:Found 489 installed packages in /opt/ros/jazzy
[0.165s] Level 1:colcon.colcon_core.package_discovery:discover_packages(prefix_path) using defaults
[0.214s] Level 5:colcon.colcon_core.verb:set package 'hamr_bringup' build argument 'cmake_args' from command line to 'None'
[0.214s] Level 5:colcon.colcon_core.verb:set package 'hamr_bringup' build argument 'cmake_target' from command line to 'None'
[0.214s] Level 5:colcon.colcon_core.verb:set package 'hamr_bringup' build argument 'cmake_target_skip_unavailable' from command line to 'False'
[0.214s] Level 5:colcon.colcon_core.verb:set package 'hamr_bringup' build argument 'cmake_clean_cache' from command line to 'False'
[0.214s] Level 5:colcon.colcon_core.verb:set package 'hamr_bringup' build argument 'cmake_clean_first' from command line to 'False'
[0.214s] Level 5:colcon.colcon_core.verb:set package 'hamr_bringup' build argument 'cmake_force_configure' from command line to 'False'
[0.214s] Level 5:colcon.colcon_core.verb:set package 'hamr_bringup' build argument 'ament_cmake_args' from command line to 'None'
[0.214s] Level 5:colcon.colcon_core.verb:set package 'hamr_bringup' build argument 'catkin_cmake_args' from command line to 'None'
[0.214s] Level 5:colcon.colcon_core.verb:set package 'hamr_bringup' build argument 'catkin_skip_building_tests' from command line to 'False'
[0.214s] DEBUG:colcon.colcon_core.verb:Building package 'hamr_bringup' with the following arguments: {'ament_cmake_args': None, 'build_base': '/home/cedric/ros2_ws/hamr_ws/src/hamr_bringup/build/hamr_bringup', 'catkin_cmake_args': None, 'catkin_skip_building_tests': False, 'cmake_args': None, 'cmake_clean_cache': False, 'cmake_clean_first': False, 'cmake_force_configure': False, 'cmake_target': None, 'cmake_target_skip_unavailable': False, 'install_base': '/home/cedric/ros2_ws/hamr_ws/src/hamr_bringup/install/hamr_bringup', 'merge_install': False, 'path': '/home/cedric/ros2_ws/hamr_ws/src/hamr_bringup', 'symlink_install': False, 'test_result_base': None}
[0.214s] INFO:colcon.colcon_core.executor:Executing jobs using 'parallel' executor
[0.215s] DEBUG:colcon.colcon_parallel_executor.executor.parallel:run_until_complete
[0.215s] INFO:colcon.colcon_ros.task.ament_cmake.build:Building ROS package in '/home/cedric/ros2_ws/hamr_ws/src/hamr_bringup' with build type 'ament_cmake'
[0.215s] INFO:colcon.colcon_cmake.task.cmake.build:Building CMake package in '/home/cedric/ros2_ws/hamr_ws/src/hamr_bringup'
[0.217s] INFO:colcon.colcon_core.plugin_system:Skipping extension 'colcon_core.shell.bat': Not used on non-Windows systems
[0.217s] INFO:colcon.colcon_core.shell:Skip shell extension 'powershell' for command environment: Not usable outside of PowerShell
[0.217s] DEBUG:colcon.colcon_core.shell:Skip shell extension 'dsv' for command environment
[0.226s] DEBUG:colcon.colcon_core.event_handler.log_command:Invoking command in '/home/cedric/ros2_ws/hamr_ws/src/hamr_bringup/build/hamr_bringup': CMAKE_PREFIX_PATH=${CMAKE_PREFIX_PATH}:/home/cedric/ros2_ws/hamr_ws/install/reference_trajectory:/home/cedric/ros2_ws/hamr_ws/install/hamr_control:/opt/ros/jazzy DEBUGINFOD_URLS=https://debuginfod.ubuntu.com /usr/bin/cmake /home/cedric/ros2_ws/hamr_ws/src/hamr_bringup -DCMAKE_INSTALL_PREFIX=/home/cedric/ros2_ws/hamr_ws/src/hamr_bringup/install/hamr_bringup
[0.950s] DEBUG:colcon.colcon_core.event_handler.log_command:Invoked command in '/home/cedric/ros2_ws/hamr_ws/src/hamr_bringup/build/hamr_bringup' returned '0': CMAKE_PREFIX_PATH=${CMAKE_PREFIX_PATH}:/home/cedric/ros2_ws/hamr_ws/install/reference_trajectory:/home/cedric/ros2_ws/hamr_ws/install/hamr_control:/opt/ros/jazzy DEBUGINFOD_URLS=https://debuginfod.ubuntu.com /usr/bin/cmake /home/cedric/ros2_ws/hamr_ws/src/hamr_bringup -DCMAKE_INSTALL_PREFIX=/home/cedric/ros2_ws/hamr_ws/src/hamr_bringup/install/hamr_bringup
[0.951s] DEBUG:colcon.colcon_core.event_handler.log_command:Invoking command in '/home/cedric/ros2_ws/hamr_ws/src/hamr_bringup/build/hamr_bringup': CMAKE_PREFIX_PATH=${CMAKE_PREFIX_PATH}:/home/cedric/ros2_ws/hamr_ws/install/reference_trajectory:/home/cedric/ros2_ws/hamr_ws/install/hamr_control:/opt/ros/jazzy DEBUGINFOD_URLS=https://debuginfod.ubuntu.com /usr/bin/cmake --build /home/cedric/ros2_ws/hamr_ws/src/hamr_bringup/build/hamr_bringup -- -j16 -l16
[0.989s] DEBUG:colcon.colcon_core.event_handler.log_command:Invoked command in '/home/cedric/ros2_ws/hamr_ws/src/hamr_bringup/build/hamr_bringup' returned '0': CMAKE_PREFIX_PATH=${CMAKE_PREFIX_PATH}:/home/cedric/ros2_ws/hamr_ws/install/reference_trajectory:/home/cedric/ros2_ws/hamr_ws/install/hamr_control:/opt/ros/jazzy DEBUGINFOD_URLS=https://debuginfod.ubuntu.com /usr/bin/cmake --build /home/cedric/ros2_ws/hamr_ws/src/hamr_bringup/build/hamr_bringup -- -j16 -l16
[0.999s] DEBUG:colcon.colcon_core.event_handler.log_command:Invoking command in '/home/cedric/ros2_ws/hamr_ws/src/hamr_bringup/build/hamr_bringup': CMAKE_PREFIX_PATH=${CMAKE_PREFIX_PATH}:/home/cedric/ros2_ws/hamr_ws/install/reference_trajectory:/home/cedric/ros2_ws/hamr_ws/install/hamr_control:/opt/ros/jazzy DEBUGINFOD_URLS=https://debuginfod.ubuntu.com /usr/bin/cmake --install /home/cedric/ros2_ws/hamr_ws/src/hamr_bringup/build/hamr_bringup
[1.084s] Level 1:colcon.colcon_core.environment:create_environment_scripts_only(hamr_bringup)
[1.085s] DEBUG:colcon.colcon_core.event_handler.log_command:Invoked command in '/home/cedric/ros2_ws/hamr_ws/src/hamr_bringup/build/hamr_bringup' returned '0': CMAKE_PREFIX_PATH=${CMAKE_PREFIX_PATH}:/home/cedric/ros2_ws/hamr_ws/install/reference_trajectory:/home/cedric/ros2_ws/hamr_ws/install/hamr_control:/opt/ros/jazzy DEBUGINFOD_URLS=https://debuginfod.ubuntu.com /usr/bin/cmake --install /home/cedric/ros2_ws/hamr_ws/src/hamr_bringup/build/hamr_bringup
[1.087s] Level 1:colcon.colcon_core.environment:checking '/home/cedric/ros2_ws/hamr_ws/src/hamr_bringup/install/hamr_bringup' for CMake module files
[1.087s] Level 1:colcon.colcon_core.environment:checking '/home/cedric/ros2_ws/hamr_ws/src/hamr_bringup/install/hamr_bringup' for CMake config files
[1.088s] Level 1:colcon.colcon_core.shell:create_environment_hook('hamr_bringup', 'cmake_prefix_path')
[1.088s] INFO:colcon.colcon_core.shell:Creating environment hook '/home/cedric/ros2_ws/hamr_ws/src/hamr_bringup/install/hamr_bringup/share/hamr_bringup/hook/cmake_prefix_path.ps1'
[1.088s] INFO:colcon.colcon_core.shell:Creating environment descriptor '/home/cedric/ros2_ws/hamr_ws/src/hamr_bringup/install/hamr_bringup/share/hamr_bringup/hook/cmake_prefix_path.dsv'
[1.088s] INFO:colcon.colcon_core.shell:Creating environment hook '/home/cedric/ros2_ws/hamr_ws/src/hamr_bringup/install/hamr_bringup/share/hamr_bringup/hook/cmake_prefix_path.sh'
[1.089s] Level 1:colcon.colcon_core.environment:checking '/home/cedric/ros2_ws/hamr_ws/src/hamr_bringup/install/hamr_bringup/bin'
[1.089s] Level 1:colcon.colcon_core.environment:checking '/home/cedric/ros2_ws/hamr_ws/src/hamr_bringup/install/hamr_bringup/lib/pkgconfig/hamr_bringup.pc'
[1.089s] Level 1:colcon.colcon_core.environment:checking '/home/cedric/ros2_ws/hamr_ws/src/hamr_bringup/install/hamr_bringup/lib/python3.12/site-packages'
[1.089s] Level 1:colcon.colcon_core.environment:checking '/home/cedric/ros2_ws/hamr_ws/src/hamr_bringup/install/hamr_bringup/bin'
[1.090s] INFO:colcon.colcon_core.shell:Creating package script '/home/cedric/ros2_ws/hamr_ws/src/hamr_bringup/install/hamr_bringup/share/hamr_bringup/package.ps1'
[1.090s] INFO:colcon.colcon_core.shell:Creating package descriptor '/home/cedric/ros2_ws/hamr_ws/src/hamr_bringup/install/hamr_bringup/share/hamr_bringup/package.dsv'
[1.090s] INFO:colcon.colcon_core.shell:Creating package script '/home/cedric/ros2_ws/hamr_ws/src/hamr_bringup/install/hamr_bringup/share/hamr_bringup/package.sh'
[1.091s] INFO:colcon.colcon_core.shell:Creating package script '/home/cedric/ros2_ws/hamr_ws/src/hamr_bringup/install/hamr_bringup/share/hamr_bringup/package.bash'
[1.091s] INFO:colcon.colcon_core.shell:Creating package script '/home/cedric/ros2_ws/hamr_ws/src/hamr_bringup/install/hamr_bringup/share/hamr_bringup/package.zsh'
[1.092s] Level 1:colcon.colcon_core.environment:create_file_with_runtime_dependencies(/home/cedric/ros2_ws/hamr_ws/src/hamr_bringup/install/hamr_bringup/share/colcon-core/packages/hamr_bringup)
[1.092s] Level 1:colcon.colcon_core.environment:create_environment_scripts_only(hamr_bringup)
[1.092s] Level 1:colcon.colcon_core.environment:checking '/home/cedric/ros2_ws/hamr_ws/src/hamr_bringup/install/hamr_bringup' for CMake module files
[1.092s] Level 1:colcon.colcon_core.environment:checking '/home/cedric/ros2_ws/hamr_ws/src/hamr_bringup/install/hamr_bringup' for CMake config files
[1.093s] Level 1:colcon.colcon_core.shell:create_environment_hook('hamr_bringup', 'cmake_prefix_path')
[1.093s] INFO:colcon.colcon_core.shell:Creating environment hook '/home/cedric/ros2_ws/hamr_ws/src/hamr_bringup/install/hamr_bringup/share/hamr_bringup/hook/cmake_prefix_path.ps1'
[1.093s] INFO:colcon.colcon_core.shell:Creating environment descriptor '/home/cedric/ros2_ws/hamr_ws/src/hamr_bringup/install/hamr_bringup/share/hamr_bringup/hook/cmake_prefix_path.dsv'
[1.093s] INFO:colcon.colcon_core.shell:Creating environment hook '/home/cedric/ros2_ws/hamr_ws/src/hamr_bringup/install/hamr_bringup/share/hamr_bringup/hook/cmake_prefix_path.sh'
[1.094s] Level 1:colcon.colcon_core.environment:checking '/home/cedric/ros2_ws/hamr_ws/src/hamr_bringup/install/hamr_bringup/bin'
[1.094s] Level 1:colcon.colcon_core.environment:checking '/home/cedric/ros2_ws/hamr_ws/src/hamr_bringup/install/hamr_bringup/lib/pkgconfig/hamr_bringup.pc'
[1.094s] Level 1:colcon.colcon_core.environment:checking '/home/cedric/ros2_ws/hamr_ws/src/hamr_bringup/install/hamr_bringup/lib/python3.12/site-packages'
[1.094s] Level 1:colcon.colcon_core.environment:checking '/home/cedric/ros2_ws/hamr_ws/src/hamr_bringup/install/hamr_bringup/bin'
[1.094s] INFO:colcon.colcon_core.shell:Creating package script '/home/cedric/ros2_ws/hamr_ws/src/hamr_bringup/install/hamr_bringup/share/hamr_bringup/package.ps1'
[1.095s] INFO:colcon.colcon_core.shell:Creating package descriptor '/home/cedric/ros2_ws/hamr_ws/src/hamr_bringup/install/hamr_bringup/share/hamr_bringup/package.dsv'
[1.095s] INFO:colcon.colcon_core.shell:Creating package script '/home/cedric/ros2_ws/hamr_ws/src/hamr_bringup/install/hamr_bringup/share/hamr_bringup/package.sh'
[1.095s] INFO:colcon.colcon_core.shell:Creating package script '/home/cedric/ros2_ws/hamr_ws/src/hamr_bringup/install/hamr_bringup/share/hamr_bringup/package.bash'
[1.096s] INFO:colcon.colcon_core.shell:Creating package script '/home/cedric/ros2_ws/hamr_ws/src/hamr_bringup/install/hamr_bringup/share/hamr_bringup/package.zsh'
[1.096s] Level 1:colcon.colcon_core.environment:create_file_with_runtime_dependencies(/home/cedric/ros2_ws/hamr_ws/src/hamr_bringup/install/hamr_bringup/share/colcon-core/packages/hamr_bringup)
[1.096s] DEBUG:colcon.colcon_parallel_executor.executor.parallel:closing loop
[1.096s] DEBUG:colcon.colcon_parallel_executor.executor.parallel:loop closed
[1.096s] DEBUG:colcon.colcon_parallel_executor.executor.parallel:run_until_complete finished with '0'
[1.096s] DEBUG:colcon.colcon_core.event_reactor:joining thread
[1.113s] INFO:colcon.colcon_core.plugin_system:Skipping extension 'colcon_notification.desktop_notification.terminal_notifier': Not used on non-Darwin systems
[1.113s] INFO:colcon.colcon_core.plugin_system:Skipping extension 'colcon_notification.desktop_notification.win32': Not used on non-Windows systems
[1.113s] INFO:colcon.colcon_notification.desktop_notification:Sending desktop notification using 'notify2'
[1.123s] DEBUG:colcon.colcon_core.event_reactor:joined thread
[1.123s] INFO:colcon.colcon_core.shell:Creating prefix script '/home/cedric/ros2_ws/hamr_ws/src/hamr_bringup/install/local_setup.ps1'
[1.124s] INFO:colcon.colcon_core.shell:Creating prefix util module '/home/cedric/ros2_ws/hamr_ws/src/hamr_bringup/install/_local_setup_util_ps1.py'
[1.125s] INFO:colcon.colcon_core.shell:Creating prefix chain script '/home/cedric/ros2_ws/hamr_ws/src/hamr_bringup/install/setup.ps1'
[1.125s] INFO:colcon.colcon_core.shell:Creating prefix script '/home/cedric/ros2_ws/hamr_ws/src/hamr_bringup/install/local_setup.sh'
[1.126s] INFO:colcon.colcon_core.shell:Creating prefix util module '/home/cedric/ros2_ws/hamr_ws/src/hamr_bringup/install/_local_setup_util_sh.py'
[1.126s] INFO:colcon.colcon_core.shell:Creating prefix chain script '/home/cedric/ros2_ws/hamr_ws/src/hamr_bringup/install/setup.sh'
[1.127s] INFO:colcon.colcon_core.shell:Creating prefix script '/home/cedric/ros2_ws/hamr_ws/src/hamr_bringup/install/local_setup.bash'
[1.127s] INFO:colcon.colcon_core.shell:Creating prefix chain script '/home/cedric/ros2_ws/hamr_ws/src/hamr_bringup/install/setup.bash'
[1.128s] INFO:colcon.colcon_core.shell:Creating prefix script '/home/cedric/ros2_ws/hamr_ws/src/hamr_bringup/install/local_setup.zsh'
[1.129s] INFO:colcon.colcon_core.shell:Creating prefix chain script '/home/cedric/ros2_ws/hamr_ws/src/hamr_bringup/install/setup.zsh'
